{
  "Object": {
    "Nonce": {
      "Counter": 1543,
      "Bitfield": 0
    },
    "GasPrice": 256
  },
  "Hex": "1d18000104"
}
