{
  "Object": {
    "Nonce": {
      "Counter": 1543,
      "Bitfield": 0
    },
    "GasPrice": 111222333
  },
  "Hex": "1d1800f678841a"
}
